
vdi-student@Win10Prog-26 MINGW64 ~
$ mkdir mateuszp

vdi-student@Win10Prog-26 MINGW64 ~
$ cd mateuszp

vdi-student@Win10Prog-26 MINGW64 ~/mateuszp
$ mkdir nauka gita

vdi-student@Win10Prog-26 MINGW64 ~/mateuszp
$ cd naukagita
bash: cd: naukagita: No such file or directory

vdi-student@Win10Prog-26 MINGW64 ~/mateuszp
$ cd nauka gita
bash: cd: too many arguments

vdi-student@Win10Prog-26 MINGW64 ~/mateuszp
$ mkdir naukagita

vdi-student@Win10Prog-26 MINGW64 ~/mateuszp
$ cd naukagita

vdi-student@Win10Prog-26 MINGW64 ~/mateuszp/naukagita
$ git init
Initialized empty Git repository in C:/Users/vdi-student/mateuszp/naukagita/.git/

vdi-student@Win10Prog-26 MINGW64 ~/mateuszp/naukagita (master)
$ git config -l
diff.astextplain.textconv=astextplain
filter.lfs.clean=git-lfs clean -- %f
filter.lfs.smudge=git-lfs smudge -- %f
filter.lfs.process=git-lfs filter-process
filter.lfs.required=true
http.sslbackend=openssl
http.sslcainfo=C:/Program Files/Git/mingw64/ssl/certs/ca-bundle.crt
core.autocrlf=true
core.fscache=true
core.symlinks=false
core.editor="C:\\Program Files\\Notepad++\\notepad++.exe" -multiInst -notabbar -nosession -noPlugin
pull.rebase=false
credential.helper=manager
core.repositoryformatversion=0
core.filemode=false
core.bare=false
core.logallrefupdates=true
core.symlinks=false
core.ignorecase=true

vdi-student@Win10Prog-26 MINGW64 ~/mateuszp/naukagita (master)
$ git config --global user.name "mateuszpaz"

vdi-student@Win10Prog-26 MINGW64 ~/mateuszp/naukagita (master)
$ git config --global user.email "mateusz.pazdziernik@vp.pl"

vdi-student@Win10Prog-26 MINGW64 ~/mateuszp/naukagita (master)
$ git ststus
git: 'ststus' is not a git command. See 'git --help'.

The most similar command is
        status

vdi-student@Win10Prog-26 MINGW64 ~/mateuszp/naukagita (master)
$ git status
On branch master

No commits yet

nothing to commit (create/copy files and use "git add" to track)

vdi-student@Win10Prog-26 MINGW64 ~/mateuszp/naukagita (master)
$ git status
On branch master

No commits yet

Untracked files:
  (use "git add <file>..." to include in what will be committed)
        pierwszy_plik.txt

nothing added to commit but untracked files present (use "git add" to track)

vdi-student@Win10Prog-26 MINGW64 ~/mateuszp/naukagita (master)
$ git add *.txt

vdi-student@Win10Prog-26 MINGW64 ~/mateuszp/naukagita (master)
$ git status
On branch master

No commits yet

Changes to be committed:
  (use "git rm --cached <file>..." to unstage)
        new file:   pierwszy_plik.txt


vdi-student@Win10Prog-26 MINGW64 ~/mateuszp/naukagita (master)
$ git commit
[master (root-commit) 660a23c] Pierwszy pliczek
 1 file changed, 0 insertions(+), 0 deletions(-)
 create mode 100644 pierwszy_plik.txt

vdi-student@Win10Prog-26 MINGW64 ~/mateuszp/naukagita (master)
$ git log
commit 660a23c741aeb302b258d45ebbd090b41f15d751 (HEAD -> master)
Author: mateuszpaz <mateusz.pazdziernik@vp.pl>
Date:   Sun Mar 7 17:47:01 2021 +0100

    Pierwszy pliczek

vdi-student@Win10Prog-26 MINGW64 ~/mateuszp/naukagita (master)
$ git remote add origin https://github.com/mateuszpaz/Lab1

vdi-student@Win10Prog-26 MINGW64 ~/mateuszp/naukagita (master)
$ git remote -v
origin  https://github.com/mateuszpaz/Lab1 (fetch)
origin  https://github.com/mateuszpaz/Lab1 (push)

vdi-student@Win10Prog-26 MINGW64 ~/mateuszp/naukagita (master)
$ git push origin master
Logon failed, use ctrl+c to cancel basic credential prompt.
Enumerating objects: 3, done.
Counting objects: 100% (3/3), done.
Writing objects: 100% (3/3), 229 bytes | 229.00 KiB/s, done.
Total 3 (delta 0), reused 0 (delta 0), pack-reused 0
To https://github.com/mateuszpaz/Lab1
 * [new branch]      master -> master

vdi-student@Win10Prog-26 MINGW64 ~/mateuszp/naukagita (master)
$ git commit -a -m "Trzeci commit"
On branch master
nothing to commit, working tree clean

vdi-student@Win10Prog-26 MINGW64 ~/mateuszp/naukagita (master)
$ git push
fatal: The current branch master has no upstream branch.
To push the current branch and set the remote as upstream, use

    git push --set-upstream origin master


vdi-student@Win10Prog-26 MINGW64 ~/mateuszp/naukagita (master)
$ git push --set-upstream otigin master
fatal: 'otigin' does not appear to be a git repository
fatal: Could not read from remote repository.

Please make sure you have the correct access rights
and the repository exists.

vdi-student@Win10Prog-26 MINGW64 ~/mateuszp/naukagita (master)
$ git push
fatal: The current branch master has no upstream branch.
To push the current branch and set the remote as upstream, use

    git push --set-upstream origin master


vdi-student@Win10Prog-26 MINGW64 ~/mateuszp/naukagita (master)
$ git push --set-upstream otigin mateuszpaz
error: src refspec mateuszpaz does not match any
error: failed to push some refs to 'otigin'

vdi-student@Win10Prog-26 MINGW64 ~/mateuszp/naukagita (master)
$ git push --set-upstream origin master
Logon failed, use ctrl+c to cancel basic credential prompt.
mistermeth230699
Everything up-to-date
Branch 'master' set up to track remote branch 'master' from 'origin'.

vdi-student@Win10Prog-26 MINGW64 ~/mateuszp/naukagita (master)
$ mistermeth230699
bash: mistermeth230699: command not found

vdi-student@Win10Prog-26 MINGW64 ~/mateuszp/naukagita (master)
$ git push --set-upstream origin master
Logon failed, use ctrl+c to cancel basic credential prompt.
mistermeth230699


Everything up-to-date
Branch 'master' set up to track remote branch 'master' from 'origin'.

vdi-student@Win10Prog-26 MINGW64 ~/mateuszp/naukagita (master)
$ mistermeth230699
bash: mistermeth230699: command not found

vdi-student@Win10Prog-26 MINGW64 ~/mateuszp/naukagita (master)
$ git push --set-upstream origin master
Logon failed, use ctrl+c to cancel basic credential prompt.
error: unable to read askpass response from 'C:/Program Files/Git/mingw64/libexec/git-core/git-gui--askpass'
Username for 'https://github.com': error: unable to read askpass response from 'C:/Program Files/Git/mingw64/libexec/git-core/git-gui--askpass'
Password for 'https://github.com':
remote: Repository not found.
fatal: Authentication failed for 'https://github.com/mateuszpaz/Lab1/'

vdi-student@Win10Prog-26 MINGW64 ~/mateuszp/naukagita (master)
$

vdi-student@Win10Prog-26 MINGW64 ~/mateuszp/naukagita (master)
$ git push
Logon failed, use ctrl+c to cancel basic credential prompt.
Everything up-to-date

vdi-student@Win10Prog-26 MINGW64 ~/mateuszp/naukagita (master)
$ git push
Logon failed, use ctrl+c to cancel basic credential prompt.
Everything up-to-date

vdi-student@Win10Prog-26 MINGW64 ~/mateuszp/naukagita (master)
$ ^C

vdi-student@Win10Prog-26 MINGW64 ~/mateuszp/naukagita (master)
$ git status
On branch master
Your branch is up to date with 'origin/master'.

Changes not staged for commit:
  (use "git add <file>..." to update what will be committed)
  (use "git restore <file>..." to discard changes in working directory)
        modified:   pierwszy_plik.txt

no changes added to commit (use "git add" and/or "git commit -a")

vdi-student@Win10Prog-26 MINGW64 ~/mateuszp/naukagita (master)
$ git commit -a -m "Trzeci commit"
[master b35bc8c] Trzeci commit
 1 file changed, 3 insertions(+)

vdi-student@Win10Prog-26 MINGW64 ~/mateuszp/naukagita (master)
$ git push
Logon failed, use ctrl+c to cancel basic credential prompt.
Enumerating objects: 5, done.
Counting objects: 100% (5/5), done.
Writing objects: 100% (3/3), 282 bytes | 282.00 KiB/s, done.
Total 3 (delta 0), reused 0 (delta 0), pack-reused 0
To https://github.com/mateuszpaz/Lab1
   660a23c..b35bc8c  master -> master

vdi-student@Win10Prog-26 MINGW64 ~/mateuszp/naukagita (master)
$ git clone
fatal: You must specify a repository to clone.

usage: git clone [<options>] [--] <repo> [<dir>]

    -v, --verbose         be more verbose
    -q, --quiet           be more quiet
    --progress            force progress reporting
    -n, --no-checkout     don't create a checkout
    --bare                create a bare repository
    --mirror              create a mirror repository (implies bare)
    -l, --local           to clone from a local repository
    --no-hardlinks        don't use local hardlinks, always copy
    -s, --shared          setup as shared repository
    --recurse-submodules[=<pathspec>]
                          initialize submodules in the clone
    --recursive ...       alias of --recurse-submodules
    -j, --jobs <n>        number of submodules cloned in parallel
    --template <template-directory>
                          directory from which templates will be used
    --reference <repo>    reference repository
    --reference-if-able <repo>
                          reference repository
    --dissociate          use --reference only while cloning
    -o, --origin <name>   use <name> instead of 'origin' to track upstream
    -b, --branch <branch>
                          checkout <branch> instead of the remote's HEAD
    -u, --upload-pack <path>
                          path to git-upload-pack on the remote
    --depth <depth>       create a shallow clone of that depth
    --shallow-since <time>
                          create a shallow clone since a specific time
    --shallow-exclude <revision>
                          deepen history of shallow clone, excluding rev
    --single-branch       clone only one branch, HEAD or --branch
    --no-tags             don't clone any tags, and make later fetches not to follow them
    --shallow-submodules  any cloned submodules will be shallow
    --separate-git-dir <gitdir>
                          separate git dir from working tree
    -c, --config <key=value>
                          set config inside the new repository
    --server-option <server-specific>
                          option to transmit
    -4, --ipv4            use IPv4 addresses only
    -6, --ipv6            use IPv6 addresses only
    --filter <args>       object filtering
    --remote-submodules   any cloned submodules will use their remote-tracking branch
    --sparse              initialize sparse-checkout file to include only files at root


vdi-student@Win10Prog-26 MINGW64 ~/mateuszp/naukagita (master)
$ git clone "Pierwszy_plik"
fatal: repository 'Pierwszy_plik' does not exist

vdi-student@Win10Prog-26 MINGW64 ~/mateuszp/naukagita (master)
$ git clone https://github.com/mateuszpaz/Lab1
Cloning into 'Lab1'...
Logon failed, use ctrl+c to cancel basic credential prompt.
remote: Enumerating objects: 6, done.
remote: Counting objects: 100% (6/6), done.
remote: Compressing objects: 100% (2/2), done.
remote: Total 6 (delta 0), reused 6 (delta 0), pack-reused 0
Unpacking objects: 100% (6/6), 459 bytes | 24.00 KiB/s, done.

vdi-student@Win10Prog-26 MINGW64 ~/mateuszp/naukagita (master)
$ git commit -a -m "Czwarty commit (clone)"
[master 91b28de] Czwarty commit (clone)
 1 file changed, 2 insertions(+), 1 deletion(-)

vdi-student@Win10Prog-26 MINGW64 ~/mateuszp/naukagita (master)
$ git push
Logon failed, use ctrl+c to cancel basic credential prompt.
Enumerating objects: 5, done.
Counting objects: 100% (5/5), done.
Delta compression using up to 4 threads
Compressing objects: 100% (2/2), done.
Writing objects: 100% (3/3), 305 bytes | 305.00 KiB/s, done.
Total 3 (delta 0), reused 0 (delta 0), pack-reused 0
To https://github.com/mateuszpaz/Lab1
   b35bc8c..91b28de  master -> master

vdi-student@Win10Prog-26 MINGW64 ~/mateuszp/naukagita (master)
$ git push
Logon failed, use ctrl+c to cancel basic credential prompt.
Everything up-to-date

vdi-student@Win10Prog-26 MINGW64 ~/mateuszp/naukagita (master)
$ git push
Logon failed, use ctrl+c to cancel basic credential prompt.
Everything up-to-date

vdi-student@Win10Prog-26 MINGW64 ~/mateuszp/naukagita (master)
$

vdi-student@Win10Prog-26 MINGW64 ~/mateuszp/naukagita (master)
$ git push
Logon failed, use ctrl+c to cancel basic credential prompt.
Everything up-to-date

vdi-student@Win10Prog-26 MINGW64 ~/mateuszp/naukagita (master)
$ git pull
Logon failed, use ctrl+c to cancel basic credential prompt.
mistermeth230699
Already up to date.

vdi-student@Win10Prog-26 MINGW64 ~/mateuszp/naukagita (master)
$ mistermeth230699
bash: mistermeth230699: command not found

vdi-student@Win10Prog-26 MINGW64 ~/mateuszp/naukagita (master)
$ git pull
Logon failed, use ctrl+c to cancel basic credential prompt.
rror: unable to read askpass response from 'C:/Program Files/Git/mingw64/libexec/git-core/git-gui--askpass'
Username for 'https://github.com':
error: unable to read @github.com': se from 'C:/Program Files/Git/mingw64/libexec/git-core/git-gui--askpass'
remote: Invalid username or password.
fatal: Authentication failed for 'https://github.com/mateuszpaz/Lab1/'

vdi-student@Win10Prog-26 MINGW64 ~/mateuszp/naukagita (master)
$ git pull https://github.com/mateuszpaz/Lab1
Logon failed, use ctrl+c to cancel basic credential prompt.
mistermeth230699
From https://github.com/mateuszpaz/Lab1
 * branch            HEAD       -> FETCH_HEAD
Already up to date.

vdi-student@Win10Prog-26 MINGW64 ~/mateuszp/naukagita (master)
$ mistermeth230699
bash: mistermeth230699: command not found

vdi-student@Win10Prog-26 MINGW64 ~/mateuszp/naukagita (master)
$ cd

vdi-student@Win10Prog-26 MINGW64 ~
$ cd mateuszp

vdi-student@Win10Prog-26 MINGW64 ~/mateuszp
$ cd pull

vdi-student@Win10Prog-26 MINGW64 ~/mateuszp/pull
$ git pull https://github.com/mateuszpaz/Lab1
fatal: not a git repository (or any of the parent directories): .git

vdi-student@Win10Prog-26 MINGW64 ~/mateuszp/pull
$ gicd
bash: gicd: command not found

vdi-student@Win10Prog-26 MINGW64 ~/mateuszp/pull
$ cd

vdi-student@Win10Prog-26 MINGW64 ~
$ cd mateuszp/naukagita

vdi-student@Win10Prog-26 MINGW64 ~/mateuszp/naukagita (master)
$ git pull
Logon failed, use ctrl+c to cancel basic credential prompt.
Already up to date.

vdi-student@Win10Prog-26 MINGW64 ~/mateuszp/naukagita (master)
$ git add drugi_plik
fatal: pathspec 'drugi_plik' did not match any files

vdi-student@Win10Prog-26 MINGW64 ~/mateuszp/naukagita (master)
$ status
bash: status: command not found

vdi-student@Win10Prog-26 MINGW64 ~/mateuszp/naukagita (master)
$ git status
On branch master
Your branch is up to date with 'origin/master'.

Untracked files:
  (use "git add <file>..." to include in what will be committed)
        Lab1/
        drugi_plik.txt

nothing added to commit but untracked files present (use "git add" to track)

vdi-student@Win10Prog-26 MINGW64 ~/mateuszp/naukagita (master)
$ git rm drugi_plik.txt
fatal: pathspec 'drugi_plik.txt' did not match any files

vdi-student@Win10Prog-26 MINGW64 ~/mateuszp/naukagita (master)
$ git rm --cached drugi_plik.txt
fatal: pathspec 'drugi_plik.txt' did not match any files

vdi-student@Win10Prog-26 MINGW64 ~/mateuszp/naukagita (master)
$ git -force drugi_plik.txt
unknown option: -force
usage: git [--version] [--help] [-C <path>] [-c <name>=<value>]
           [--exec-path[=<path>]] [--html-path] [--man-path] [--info-path]
           [-p | --paginate | -P | --no-pager] [--no-replace-objects] [--bare]
           [--git-dir=<path>] [--work-tree=<path>] [--namespace=<name>]
           <command> [<args>]

vdi-student@Win10Prog-26 MINGW64 ~/mateuszp/naukagita (master)
$ git -f drugi_plik.txt
unknown option: -f
usage: git [--version] [--help] [-C <path>] [-c <name>=<value>]
           [--exec-path[=<path>]] [--html-path] [--man-path] [--info-path]
           [-p | --paginate | -P | --no-pager] [--no-replace-objects] [--bare]
           [--git-dir=<path>] [--work-tree=<path>] [--namespace=<name>]
           <command> [<args>]

vdi-student@Win10Prog-26 MINGW64 ~/mateuszp/naukagita (master)
$ git rm -f drugi_plik.txt
fatal: pathspec 'drugi_plik.txt' did not match any files

vdi-student@Win10Prog-26 MINGW64 ~/mateuszp/naukagita (master)
$ git rm -f drugi_plik.txt
fatal: pathspec 'drugi_plik.txt' did not match any files

vdi-student@Win10Prog-26 MINGW64 ~/mateuszp/naukagita (master)
$ git rm -f drugi_plik.txt
fatal: pathspec 'drugi_plik.txt' did not match any files

vdi-student@Win10Prog-26 MINGW64 ~/mateuszp/naukagita (master)
$ git add drugi_plik
fatal: pathspec 'drugi_plik' did not match any files

vdi-student@Win10Prog-26 MINGW64 ~/mateuszp/naukagita (master)
$ git add drugi_plik.txt

vdi-student@Win10Prog-26 MINGW64 ~/mateuszp/naukagita (master)
$ git rm -f drugi_plik.txt
rm 'drugi_plik.txt'

vdi-student@Win10Prog-26 MINGW64 ~/mateuszp/naukagita (master)
$ git add drugiplik.txt
fatal: pathspec 'drugiplik.txt' did not match any files

vdi-student@Win10Prog-26 MINGW64 ~/mateuszp/naukagita (master)
$ git add drugiplik.txt
fatal: pathspec 'drugiplik.txt' did not match any files

vdi-student@Win10Prog-26 MINGW64 ~/mateuszp/naukagita (master)
$ git add drugi_plik.txt

vdi-student@Win10Prog-26 MINGW64 ~/mateuszp/naukagita (master)
$ git reset

vdi-student@Win10Prog-26 MINGW64 ~/mateuszp/naukagita (master)
$ status
bash: status: command not found

vdi-student@Win10Prog-26 MINGW64 ~/mateuszp/naukagita (master)
$ git status
On branch master
Your branch is up to date with 'origin/master'.

Untracked files:
  (use "git add <file>..." to include in what will be committed)
        Lab1/
        drugi_plik.txt

nothing added to commit but untracked files present (use "git add" to track)

vdi-student@Win10Prog-26 MINGW64 ~/mateuszp/naukagita (master)
$ git commit "Last commit"
error: pathspec 'Last commit' did not match any file(s) known to git

vdi-student@Win10Prog-26 MINGW64 ~/mateuszp/naukagita (master)
$ git push

vdi-student@Win10Prog-26 MINGW64 ~/mateuszp/naukagita (master)
$
